../Core/Src/main.c:62:6:delay	16	static
../Core/Src/main.c:67:6:HAL_TIM_IC_CaptureCallback	16	static
../Core/Src/main.c:143:6:HCSR04_Read	8	static
../Core/Src/main.c:152:6:HCSR04_Read3	8	static
../Core/Src/main.c:181:5:main	8	static
../Core/Src/main.c:270:6:SystemClock_Config	72	static
../Core/Src/main.c:310:13:MX_TIM1_Init	48	static
../Core/Src/main.c:369:13:MX_TIM2_Init	32	static
../Core/Src/main.c:417:13:MX_GPIO_Init	40	static
../Core/Src/main.c:474:6:Error_Handler	4	static,ignoring_inline_asm
